# Query: E813EA038141E9CE

★ ★ ★ ☆ ☆ 70分

```sql

SELECT  
  a  
FROM  
  b  
  JOIN  c  
  JOIN  d
```

## 最外层 SELECT 未指定 WHERE 条件

* **Item:**  CLA.001

* **Severity:**  L4

* **Content:**  SELECT 语句没有 WHERE 子句，可能检查比预期更多的行(全表扫描)。对于 SELECT COUNT(\*) 类型的请求如果不要求精度，建议使用 SHOW TABLE STATUS 或 EXPLAIN 替代。

## 减少 JOIN 的数量

* **Item:**  JOI.005

* **Severity:**  L2

* **Content:**  太多的 JOIN 是复杂的裹脚布式查询的症状。考虑将复杂查询分解成许多简单的查询，并减少 JOIN 的数量。

